--------- beginning of main
09-08 15:48:04.593  1734  2957 D SemNscXgbL2Nrt: L2 NRT 1 sample inference time: 1.432657 msecs
09-08 15:48:04.614  1734  2899 V serviceDiscovery: [MdnsAdvertiser.wlan0] VERBOSE Parsed packet with transactionId(0): 0 questions, 4 answers, 0 authority, 0 additional from /10.102.92.234:5353
09-08 15:48:04.696  1734  4587 D SemWifiUsabilityStatsMonitor: onWifiUsabilityStats - seqNum 25220, isSameBssidAndFreq true
09-08 15:48:04.697  1734  2959 I SemWifiLinkQualityMonitor: Link Qos query: inf. ms / 0 Mbps
--------- beginning of system
09-08 15:48:04.795  1734  2259 D DisplayModeDirector: onBrightnessChangedLocked, brightness=218, lux=242.0
09-08 15:48:04.938  1387 11595 I sensors-hal: handle_sns_client_event:552, [0][41040] accel_sample [-0.179, -0.039,  9.974] 1487014584374929
09-08 15:48:05.145  1734  2259 D DisplayModeDirector: onBrightnessChangedLocked, brightness=218, lux=242.0
09-08 15:48:05.414  1060  1060 D io_stats: !@   8,0 r 3407413 95918721 w 4186512 72305072 d 956806 153610400 f 0 367819 iot 3550708 0 th 0 0 0 pt 0 inp 0 0 192494.820
09-08 15:48:05.414  1060  1060 D io_stats: !@ Read_top(KB): sh(12613) 16
09-08 15:48:05.423  1734  2899 V serviceDiscovery: [MdnsAdvertiser.wlan0] VERBOSE Parsed packet with transactionId(0): 0 questions, 5 answers, 0 authority, 0 additional from /10.102.93.159:5353
09-08 15:48:05.425  1734  2899 V serviceDiscovery: [MdnsAdvertiser.wlan0] VERBOSE Parsed packet with transactionId(0): 0 questions, 5 answers, 0 authority, 0 additional from /10.102.92.83:5353
09-08 15:48:05.495  1734  2259 D DisplayModeDirector: onBrightnessChangedLocked, brightness=218, lux=242.0
09-08 15:48:05.578  1734  2957 D SemNscXgbMsL1: Probability - Cloud gaming: [0.019468177]
09-08 15:48:05.578  1734  2957 D SemNscXgbMsL1: Probability - Real time: [0.77407515]
09-08 15:48:05.578  1734  2957 D SemNscXgbMsL1: Probability - Non real time: [0.8096604]
09-08 15:48:05.579  1734  2957 D SemNscXgbMsL1: 1 sample inference time: 1.113906 msecs
09-08 15:48:05.581  1734  2957 D SemNscXgbL2Rt: L2 RT 1 sample inference time: 2.02724 msecs
09-08 15:48:05.584  1734  2957 D SemNscXgbL2Nrt: L2 NRT 1 sample inference time: 3.009011 msecs
09-08 15:48:05.646  1734  2766 D ActivityManager:MARs: com.samsung.android.sm.devicesecurity is core app
09-08 15:48:05.646  1734  2766 D ActivityManager: freezing 10001 com.samsung.android.sm.devicesecurity
09-08 15:48:05.658  1734  2766 D ActivityManager: freezing 31985 com.google.android.apps.turbo
09-08 15:48:05.719  1383  1423 D BatteryDump: wait_for_battery_event : occurred : change@/devices/platform/samsung_mobile_device/samsung_mobile_device:battery/power_supply/battery 
09-08 15:48:05.731  1383  1423 E BatteryDump: !@new_battery_dump : 4018,707,1500,1712,70,310,308,322,0,305,326,900,0,Charging,NO_CHARGING,Normal,Good,PDIC,0,Normal,0,0,10800,0x4,0x10000,0x0,0000,0000,00000000,0,0,0,0,42,3980,6933,990,0,
09-08 15:48:05.734  1383  1383 I android.hardware.health@2.1-service-samsung: updateLrpSysfs: write: 333
09-08 15:48:05.737  1734  2928 D BatteryService: Sending ACTION_BATTERY_CHANGED: level:70, status:2, health:2, ac:true, usb:false, wireless:false, pogo:false, misc:0x10000, charge_type:1, charger_type:0, voltage:4018, temperature:310, online:19, current_avg:55, ps:false, hvc:false, capacity:280000, current_event:0x4, current_now:611, mcc:0, mcv:0, cc:5040000, present:true, scale:100, technology:Li-ion
09-08 15:48:05.740  1734  2820 D MotionRecognitionService: [SAR]  onReceive : ACTION_BATTERY_CHANGED, Plugged: 1
09-08 15:48:05.741  1734  1734 D PhoneWindowManagerExt: ACTION_BATTERY_CHANGED - Level=70, status=2
09-08 15:48:05.741  1734  2993 I DeviceBatteryInfoService: action: android.intent.action.BATTERY_CHANGED
09-08 15:48:05.741  1734  2993 I DeviceBatteryInfoService: phone battery level: 70
09-08 15:48:05.741  1734  2993 I DeviceBatteryInfoService: phone battery status: 2
09-08 15:48:05.742  1734  1734 D AdaptiveBrightnessLongtermModelBuilder: Received android.intent.action.BATTERY_CHANGED
09-08 15:48:05.742  1734  1734 D SemWifiApBroadcastReceiver: Received : android.intent.action.BATTERY_CHANGED
09-08 15:48:05.743  3042  3042 D SemBigDataInfoController: Intent: android.intent.action.BATTERY_CHANGED
09-08 15:48:05.746  3058  3058 I PowerUI : mBootCompleted = true |  mFullyConnected = true
09-08 15:48:05.746  3058  3058 I PowerUI : BATTERY_HEALTH_CHECK extraHealth=2 mBatteryMiscEvent=65536
09-08 15:48:05.746  3058  3058 W PowerUI : Plug reason
09-08 15:48:05.746  3058  3058 W PowerUI : Skip charging animation - by plug status
09-08 15:48:05.746  3058  3058 D PowerUI : priorPlugType = 1 mPlugType = 1 priorBatteryStatus = 2 mBatteryStatus = 2
09-08 15:48:05.746  3058  3058 W PowerUI : Plug reason
09-08 15:48:05.746  3058  3058 W PowerUI : Skip charging sound - by plug status
09-08 15:48:05.746  3058  3058 I PowerUI : oldMisalign : false, curMisalign : false
09-08 15:48:05.747  3058  7139 D SecPowerUI.Notification: dismissing low battery warning: level=70
09-08 15:48:05.747  3058  7139 D SecPowerUI.Notification: updateNotification mWarning=false mPlaySound=false
09-08 15:48:05.747  3058  7139 D SecPowerUI.Notification: SecBatteryStatsSnapshot{batteryLevel=70, currentBatteryMode=0, chargingTime=4312000, chargingType=11, batteryHealth=2, automaticTestMode=false, isHiccupState=false}
09-08 15:48:05.747  3058  3058 D SecPowerUI.Notification: showChargingNotice oldChargingType : 11 / currentChargingType : 11, oldChargingTime : 4312000 / mChargingTime : 4312000
09-08 15:48:05.748  3058  3058 D SecPowerUI.Notification: There is no change about charging status, so return!
09-08 15:48:05.748  3058  3058 D PowerUI : Battery swelling mode - priorBatterySwellingMode = 0 mBatterySwellingMode = 0 mBatteryStatus = 2
09-08 15:48:05.748  3058  3058 I PowerUI : mBatteryMiscEvent = 65536
09-08 15:48:05.748  3058  3058 D SamsungBatteryMeterDrawable: onBatteryLevelChanged isSomethingChanged: false
09-08 15:48:05.749  3058  7139 D SecPowerUI.Notification: 1. restoreScreenTimeOut - saved_value : :
09-08 15:48:05.749  3058  3058 D SamsungBatteryMeterDrawable: onBatteryLevelChanged isSomethingChanged: false
09-08 15:48:05.749  3058  3058 D SamsungBatteryMeterDrawable: onBatteryLevelChanged isSomethingChanged: false
09-08 15:48:05.750  3058  7139 E SecPowerUI.Notification: no saved value, so we do nothing !!
09-08 15:48:05.750  3058  3058 D SamsungBatteryMeterDrawable: onBatteryLevelChanged isSomethingChanged: false
09-08 15:48:05.750  3058  3058 D KeyguardUpdateMonitor: received broadcast android.intent.action.BATTERY_CHANGED
09-08 15:48:05.750  3058  3058 I AODBatteryManager: updateBatteryData: ACTION_BATTERY_CHANGED
09-08 15:48:05.752  3058  3058 I AODBatteryManager: saveBatteryData : AOD BatteryData [mBatteryLevel=70, mBatteryStatus=CHARGING, mBatteryPlugType=AC, mBatteryPlugged=true, mRemainingChargeTime=4312000, mBatteryChargingType=1, mBatteryChargerType=NORMAL, mBatteryOnline=NOT_DEFINED, mBatterySwellingMode=NONE, mBatteryProtectMode=false]
09-08 15:48:05.752  3058  3058 D KeyguardUpdateMonitor: handleBatteryUpdate
09-08 15:48:05.846  1734  2259 D DisplayModeDirector: onBrightnessChangedLocked, brightness=218, lux=242.0
09-08 15:48:06.060  1387 10966 I sensors-hal: handle_sns_client_event:185, auto_rotation_debug_2 mode,255, type,1,0 acc,-0.191,-0.022,9.966, ar,1, ver,11, pedo,1,e,0,i,2
09-08 15:48:06.085  1734  2957 D SemNscXgbMsL1: Probability - Cloud gaming: [0.013906119]
09-08 15:48:06.086  1734  2957 D SemNscXgbMsL1: Probability - Real time: [0.5637158]
09-08 15:48:06.086  1734  2957 D SemNscXgbMsL1: Probability - Non real time: [0.8740903]
09-08 15:48:06.086  1734  2957 D SemNscXgbMsL1: 1 sample inference time: 1.018281 msecs
09-08 15:48:06.088  1734  2957 D SemNscXgbL2Rt: L2 RT 1 sample inference time: 1.617396 msecs
09-08 15:48:06.089  1734  2957 D SemNscXgbL2Nrt: L2 NRT 1 sample inference time: 1.497968 msecs
09-08 15:48:06.196  1734  2259 D DisplayModeDirector: onBrightnessChangedLocked, brightness=218, lux=242.0
09-08 15:48:06.354  1734  2899 V serviceDiscovery: [MdnsAdvertiser.wlan0] VERBOSE Parsed packet with transactionId(0): 0 questions, 6 answers, 0 authority, 0 additional from /10.102.93.57:5353
09-08 15:48:06.456  1734  2899 V serviceDiscovery: [MdnsAdvertiser.wlan0] VERBOSE Parsed packet with transactionId(0): 0 questions, 6 answers, 0 authority, 0 additional from /10.102.92.250:5353
09-08 15:48:06.545  1387 10941 I sensors-hal: handle_sns_std_sensor_event:148, [SSC_LIGHT] ambient_light lux: 241, ts=1487016200760919
09-08 15:48:06.546  1734  2259 D DisplayModeDirector: onBrightnessChangedLocked, brightness=218, lux=241.0
09-08 15:48:06.590  1734  2957 D SemNscXgbMsL1: Probability - Cloud gaming: [0.008055412]
09-08 15:48:06.591  1734  2957 D SemNscXgbMsL1: Probability - Real time: [0.708658]
09-08 15:48:06.591  1734  2957 D SemNscXgbMsL1: Probability - Non real time: [0.8340309]
09-08 15:48:06.591  1734  2957 D SemNscXgbMsL1: 1 sample inference time: 1.2875 msecs
09-08 15:48:06.594  1734  2957 D SemNscXgbL2Rt: L2 RT 1 sample inference time: 2.49375 msecs
09-08 15:48:06.596  1734  2957 D SemNscXgbL2Nrt: L2 NRT 1 sample inference time: 1.622031 msecs
09-08 15:48:06.895  1734  2259 D DisplayModeDirector: onBrightnessChangedLocked, brightness=218, lux=242.0
09-08 15:48:06.956  1387 11595 I sensors-hal: handle_sns_client_event:552, [0][41148] accel_sample [-0.201, -0.032,  9.973] 1487016602203054
09-08 15:48:07.062  1734  2899 V serviceDiscovery: [MdnsAdvertiser.wlan0] VERBOSE Parsed packet with transactionId(0): 0 questions, 7 answers, 0 authority, 0 additional from /10.102.93.90:5353
09-08 15:48:07.096  1734  2957 D SemNscXgbMsL1: Probability - Cloud gaming: [0.0050042644]
09-08 15:48:07.097  1734  2957 D SemNscXgbMsL1: Probability - Real time: [0.6783339]
09-08 15:48:07.098  1734  2957 D SemNscXgbMsL1: Probability - Non real time: [0.8909235]
09-08 15:48:07.098  1734  2957 D SemNscXgbMsL1: 1 sample inference time: 2.309115 msecs
09-08 15:48:07.099  1376  5933 I vendor.qti.bluetooth@1.0-ibs_handler: ProcessIbsCmd: Received IBS_WAKE_IND: 0xFD
09-08 15:48:07.099  1376  5933 D vendor.qti.bluetooth@1.0-ibs_handler: SerialClockVote: vote for UART CLK ON
09-08 15:48:07.101  1734  2957 D SemNscXgbL2Rt: L2 RT 1 sample inference time: 3.133229 msecs
09-08 15:48:07.102  1376  5933 D vendor.qti.bluetooth@1.0-wake_lock: Acquire wakelock is acquired 
09-08 15:48:07.102  1376  5933 I vendor.qti.bluetooth@1.0-ibs_handler: ProcessIbsCmd: Writing IBS_WAKE_ACK
09-08 15:48:07.103  1734  2957 D SemNscXgbL2Nrt: L2 NRT 1 sample inference time: 1.354635 msecs
09-08 15:48:07.114  5484  5708 D BtGatt.GattService: onScanResult to scannerId: 4- eventType=0x10, addressType=1, address=0FBBE9_6, primaryPhy=1, secondaryPhy=0, advertisingSid=0xff, txPower=127, rssi=-92, periodicAdvInt=0x0
09-08 15:48:07.130  5484  5708 D BtGatt.GattService: onScanResult to scannerId: 4- eventType=0x0, addressType=1, address=2B8B09_6, primaryPhy=1, secondaryPhy=1, advertisingSid=0x4, txPower=127, rssi=-90, periodicAdvInt=0x0
09-08 15:48:07.168  1376  5933 I vendor.qti.bluetooth@1.0-ibs_handler: ProcessIbsCmd: Received IBS_SLEEP_IND: 0xFE
09-08 15:48:07.169  1376  5933 D vendor.qti.bluetooth@1.0-ibs_handler: SerialClockVote: vote for UART CLK OFF
09-08 15:48:07.245  1734  2259 D DisplayModeDirector: onBrightnessChangedLocked, brightness=218, lux=241.0
09-08 15:48:07.319  1376  5775 D vendor.qti.bluetooth@1.0-wake_lock: Release wakelock is released 
09-08 15:48:07.417  1060  1060 D io_stats: !@   8,0 r 3407413 95918721 w 4186633 72306552 d 956806 153610400 f 0 367819 iot 3550752 0 th 0 0 0 pt 0 inp 0 0 192496.823
09-08 15:48:07.570  5051  5842 I SDHMS:D : SIOP:: AP:318 BAT:310 USB:0 CHG:323 WIFI:326 BLK:305 SUBBAT:0 SKIN:337 SKINF:335 SKINB:337 LRP:337 LRF:335 LRB:337 
09-08 15:48:07.594  1734  2259 D DisplayModeDirector: onBrightnessChangedLocked, brightness=218, lux=242.0
09-08 15:48:07.604  1734  2957 D SemNscXgbMsL1: Probability - Cloud gaming: [0.021581415]
09-08 15:48:07.605  1734  2957 D SemNscXgbMsL1: Probability - Real time: [0.7075513]
09-08 15:48:07.605  1734  2957 D SemNscXgbMsL1: Probability - Non real time: [0.91724426]
09-08 15:48:07.606  1734  2957 D SemNscXgbMsL1: 1 sample inference time: 1.31677 msecs
09-08 15:48:07.607  1734  2957 D SemNscXgbL2Rt: L2 RT 1 sample inference time: 1.695104 msecs
09-08 15:48:07.610  1734  2957 D SemNscXgbL2Nrt: L2 NRT 1 sample inference time: 2.01875 msecs
09-08 15:48:07.630  1734  3956 D FreecessController: com.google.android.apps.photos(10254) is important[!isUidIdle]
09-08 15:48:07.630  1734  3956 D FreecessController: com.Slack(10330) is important[!isUidIdle]
09-08 15:48:07.723  1734  4587 D SemWifiUsabilityStatsMonitor: onWifiUsabilityStats - seqNum 25221, isSameBssidAndFreq true
09-08 15:48:07.726  1734  2959 I SemWifiLinkQualityMonitor: Link Qos Query: 0.024 ms / 332.699 Mbps (413 / 0.005 / 1.000)
09-08 15:48:07.945  1734  2259 D DisplayModeDirector: onBrightnessChangedLocked, brightness=218, lux=242.0
09-08 15:48:08.295  1734  2259 D DisplayModeDirector: onBrightnessChangedLocked, brightness=218, lux=242.0
09-08 15:48:08.530  1734  2263 E Watchdog: !@Sync: 6414 heap: 94 / 114 FD: 1119 [2025-09-08 15:48:08.530]
09-08 15:48:08.577  1734  2957 D SemNscXgbMsL1: Probability - Cloud gaming: [0.008640497]
09-08 15:48:08.578  1734  2957 D SemNscXgbMsL1: Probability - Real time: [0.52769184]
09-08 15:48:08.578  1734  2957 D SemNscXgbMsL1: Probability - Non real time: [0.7399011]
09-08 15:48:08.578  1734  2957 D SemNscXgbMsL1: 1 sample inference time: 1.406355 msecs
09-08 15:48:08.581  1734  2957 D SemNscXgbL2Rt: L2 RT 1 sample inference time: 2.895364 msecs
09-08 15:48:08.584  1734  2957 D SemNscXgbL2Nrt: L2 NRT 1 sample inference time: 2.903073 msecs
09-08 15:48:08.645  1734  2259 D DisplayModeDirector: onBrightnessChangedLocked, brightness=218, lux=242.0
09-08 15:48:08.974  1387 11595 I sensors-hal: handle_sns_client_event:552, [0][41256] accel_sample [-0.192, -0.035,  9.973] 1487018620031179
09-08 15:48:08.996  1734  2259 D DisplayModeDirector: onBrightnessChangedLocked, brightness=218, lux=242.0
09-08 15:48:09.085  1734  2957 D SemNscXgbMsL1: Probability - Cloud gaming: [0.009856843]
09-08 15:48:09.085  1734  2957 D SemNscXgbMsL1: Probability - Real time: [0.53386766]
09-08 15:48:09.086  1734  2957 D SemNscXgbMsL1: Probability - Non real time: [0.57622457]
09-08 15:48:09.086  1734  2957 D SemNscXgbMsL1: 1 sample inference time: 1.015833 msecs
09-08 15:48:09.087  1734  2957 D SemNscXgbL2Rt: L2 RT 1 sample inference time: 1.445937 msecs
09-08 15:48:09.089  1734  2957 D SemNscXgbL2Nrt: L2 NRT 1 sample inference time: 1.681979 msecs
09-08 15:48:09.129  1734  2899 V serviceDiscovery: [MdnsAdvertiser.wlan0] VERBOSE Parsed packet with transactionId(0): 0 questions, 6 answers, 0 authority, 0 additional from /10.102.93.57:5353
09-08 15:48:09.131  1734  2899 V serviceDiscovery: [MdnsAdvertiser.wlan0] VERBOSE Parsed packet with transactionId(0): 0 questions, 4 answers, 0 authority, 0 additional from /10.102.93.121:5353
09-08 15:48:09.132  1734  2899 V serviceDiscovery: [MdnsAdvertiser.wlan0] VERBOSE Parsed packet with transactionId(0): 0 questions, 1 answers, 0 authority, 0 additional from /10.102.93.150:5353
09-08 15:48:09.345  1734  2259 D DisplayModeDirector: onBrightnessChangedLocked, brightness=218, lux=242.0
09-08 15:48:09.419  1060  1060 D io_stats: !@ Write_top(KB): kworker/u16:0(12025) 1464 android.hardwar(1383) 8 .devicesecurity(10001) 4
09-08 15:48:09.590  1734  2957 D SemNscXgbMsL1: Probability - Cloud gaming: [0.0092796935]
09-08 15:48:09.591  1734  2957 D SemNscXgbMsL1: Probability - Real time: [0.84129703]
09-08 15:48:09.591  1734  2957 D SemNscXgbMsL1: Probability - Non real time: [0.5834375]
09-08 15:48:09.592  1734  2957 D SemNscXgbMsL1: 1 sample inference time: 1.695156 msecs
09-08 15:48:09.594  1734  2957 D SemNscXgbL2Rt: L2 RT 1 sample inference time: 1.751667 msecs
09-08 15:48:09.597  1734  2957 D SemNscXgbL2Nrt: L2 NRT 1 sample inference time: 1.847448 msecs
09-08 15:48:09.630  1734  2899 V serviceDiscovery: [MdnsAdvertiser.wlan0] VERBOSE Parsed packet with transactionId(0): 0 questions, 6 answers, 0 authority, 0 additional from /10.102.92.165:5353
09-08 15:48:09.695  1734  2259 D DisplayModeDirector: onBrightnessChangedLocked, brightness=218, lux=242.0
09-08 15:48:10.045  1734  2259 D DisplayModeDirector: onBrightnessChangedLocked, brightness=218, lux=242.0
09-08 15:48:10.097  1734  2957 D SemNscXgbMsL1: Probability - Cloud gaming: [0.024039885]
09-08 15:48:10.098  1734  2957 D SemNscXgbMsL1: Probability - Real time: [0.33445147]
09-08 15:48:10.099  1734  2957 D SemNscXgbMsL1: Probability - Non real time: [0.71865106]
09-08 15:48:10.099  1734  2957 D SemNscXgbMsL1: 1 sample inference time: 1.826094 msecs
09-08 15:48:10.101  1734  2957 D SemNscXgbL2Rt: L2 RT 1 sample inference time: 2.258281 msecs
09-08 15:48:10.103  1734  2957 D SemNscXgbL2Nrt: L2 NRT 1 sample inference time: 1.470885 msecs
09-08 15:48:10.157  1734  2899 V serviceDiscovery: [MdnsAdvertiser.wlan0] VERBOSE Parsed packet with transactionId(0): 0 questions, 4 answers, 0 authority, 0 additional from /10.102.92.171:5353
09-08 15:48:10.169  1734  2906 W DeviceStorageMonitorService: updateBroadcasts(/data) oldLevel:0, newLevel:0, seq:1
09-08 15:48:10.171  1734  2906 D DeviceStorageMonitorService: Available File Node Number is [13413001]
09-08 15:48:10.171  1734  2906 W DeviceStorageMonitorService: updateBroadcasts_filenode(/data) fn_oldLevel:0, fn_newLevel:0, seq:1
09-08 15:48:10.338  1734  2899 V serviceDiscovery: [MdnsAdvertiser.wlan0] VERBOSE Parsed packet with transactionId(0): 0 questions, 6 answers, 0 authority, 0 additional from /10.102.93.164:5353
09-08 15:48:10.396  1734  2259 D DisplayModeDirector: onBrightnessChangedLocked, brightness=218, lux=241.0
09-08 15:48:10.553  1734  2899 V serviceDiscovery: [MdnsAdvertiser.wlan0] VERBOSE Parsed packet with transactionId(0): 0 questions, 7 answers, 0 authority, 0 additional from /10.102.92.84:5353
09-08 15:48:10.605  1734  2957 D SemNscXgbMsL1: Probability - Cloud gaming: [0.007843515]
09-08 15:48:10.606  1734  2957 D SemNscXgbMsL1: Probability - Real time: [0.8905034]
09-08 15:48:10.606  1734  2957 D SemNscXgbMsL1: Probability - Non real time: [0.8558078]
09-08 15:48:10.607  1734  2957 D SemNscXgbMsL1: 1 sample inference time: 2.057656 msecs
09-08 15:48:10.611  1734  2957 D SemNscXgbL2Rt: L2 RT 1 sample inference time: 1.891927 msecs
09-08 15:48:10.613  1734  2957 D SemNscXgbL2Nrt: L2 NRT 1 sample inference time: 2.161979 msecs
09-08 15:48:10.745  1734  4587 D SemWifiUsabilityStatsMonitor: onWifiUsabilityStats - seqNum 25222, isSameBssidAndFreq true
09-08 15:48:10.745  1734  2259 D DisplayModeDirector: onBrightnessChangedLocked, brightness=218, lux=242.0
09-08 15:48:10.749  1734  2959 I SemWifiLinkQualityMonitor: Link Qos Query: 0.023 ms / 340.647 Mbps (413 / 0.004 / 1.000)
09-08 15:48:10.754  3058  3058 D SecPowerUI.Notification: showChargingNotice oldChargingType : 11 / currentChargingType : 11, oldChargingTime : 4312000 / mChargingTime : 4312000
09-08 15:48:10.754  3058  3058 D SecPowerUI.Notification: There is no change about charging status, so return!
09-08 15:48:10.755  3058  3058 D KeyguardUpdateMonitor: updateCarrierTextInfo
09-08 15:48:10.755  3058  3058 D PanelCarrierLabelWriter: setTextForCommon=puppynet CarrierLabelInfo(subId=2147483647, slotId=0, validSub=false, networkName=No service, emergencyOnly=false, hasVoWifiNetworkName=false), airplaneMode=false, hasAtLeastOneVoWifiNetworkName=false, rtl=false
09-08 15:48:10.755  3058  3058 D PanelCarrierLabelManager: setTextForCommon(text:puppynet)
09-08 15:48:10.755  3058  3058 D NetworkController.WifiSignalController: notifyListener: visible=true, connected=true, inetCondition=1, isDefault=true, wifiTestReported=false, receivedInetCondition=-1, hideDuringMobileSwitching=false
09-08 15:48:10.756  3058  3058 D FaceWidgetPagesController: onRefreshCarrierInfo()
09-08 15:48:10.757  3058  3058 D FaceWidgetClockRoamManager: isNetworkRoamingState id=-1
09-08 15:48:10.757  3058  3058 D FaceWidgetClockRoamManager: isNetworkRoamingState false
09-08 15:48:10.757  3058  3058 D FaceWidgetClockRoamManager: onRefreshCarrierInfo(pre, now): false, false
09-08 15:48:10.757  3058  3058 D FaceWidgetClockPage: onRefreshCarrierInfo : isChanged false mIsRoaming false
09-08 15:48:10.757  3058  3295 D Tile.WifiTile: handleUpdateState isTransient=false transientEnabling =false cb.isTransient=false state.state = 2 mStateBeforeClick.value =false enabled =true
09-08 15:48:10.969  1376  5933 I vendor.qti.bluetooth@1.0-ibs_handler: ProcessIbsCmd: Received IBS_WAKE_IND: 0xFD
09-08 15:48:10.969  1376  5933 D vendor.qti.bluetooth@1.0-ibs_handler: SerialClockVote: vote for UART CLK ON
09-08 15:48:10.970  1376  5933 D vendor.qti.bluetooth@1.0-wake_lock: Acquire wakelock is acquired 
09-08 15:48:10.970  1376  5933 I vendor.qti.bluetooth@1.0-ibs_handler: ProcessIbsCmd: Writing IBS_WAKE_ACK
09-08 15:48:10.980  5484  5708 D BtGatt.GattService: onScanResult to scannerId: 4- eventType=0x10, addressType=1, address=22D6AA_E, primaryPhy=1, secondaryPhy=0, advertisingSid=0xff, txPower=127, rssi=-89, periodicAdvInt=0x0
09-08 15:48:10.992  1387 11595 I sensors-hal: handle_sns_client_event:552, [0][41364] accel_sample [-0.198, -0.025,  9.983] 1487020637858031
09-08 15:48:11.020  1376  5933 I vendor.qti.bluetooth@1.0-ibs_handler: ProcessIbsCmd: Received IBS_SLEEP_IND: 0xFE
09-08 15:48:11.020  1376  5933 D vendor.qti.bluetooth@1.0-ibs_handler: SerialClockVote: vote for UART CLK OFF
09-08 15:48:11.095  1734  2259 D DisplayModeDirector: onBrightnessChangedLocked, brightness=218, lux=241.0
09-08 15:48:11.159  1734  2899 V serviceDiscovery: [MdnsAdvertiser.wlan0] VERBOSE Parsed packet with transactionId(0): 0 questions, 6 answers, 0 authority, 0 additional from /10.102.93.79:5353
09-08 15:48:11.170  1376  5775 D vendor.qti.bluetooth@1.0-wake_lock: Release wakelock is released 
09-08 15:48:11.392  1734  3956 I NSLocationMonitor: getGPSUsingApps() called
09-08 15:48:11.414  3949  4007 I NSLocationManager_FLP: getGPSUsingApps, NO_FREEZE={5013} / FREEZE={10215}
09-08 15:48:11.421  1060  1060 D io_stats: !@   8,0 r 3407413 95918721 w 4186753 72308276 d 956806 153610400 f 0 367819 iot 3550784 0 th 0 0 0 pt 0 inp 0 0 192500.827
09-08 15:48:11.424  1734  3956 I AS.AudioService: uid:10391is using audio
09-08 15:48:11.445  1387 10941 I sensors-hal: handle_sns_std_sensor_event:148, [SSC_LIGHT] ambient_light lux: 242, ts=1487021100861469
09-08 15:48:11.446  1734  2259 D DisplayModeDirector: onBrightnessChangedLocked, brightness=218, lux=242.0
09-08 15:48:11.581  1734  2957 D SemNscXgbMsL1: Probability - Cloud gaming: [0.0066166087]
09-08 15:48:11.582  1734  2957 D SemNscXgbMsL1: Probability - Real time: [0.7312498]
09-08 15:48:11.582  1734  2957 D SemNscXgbMsL1: Probability - Non real time: [0.7862088]
09-08 15:48:11.582  1734  2957 D SemNscXgbMsL1: 1 sample inference time: 1.421718 msecs
09-08 15:48:11.584  1734  2957 D SemNscXgbL2Rt: L2 RT 1 sample inference time: 1.562553 msecs
09-08 15:48:11.586  1734  2957 D SemNscXgbL2Nrt: L2 NRT 1 sample inference time: 1.513021 msecs
09-08 15:48:11.678  1734  2899 V serviceDiscovery: [MdnsAdvertiser.wlan0] VERBOSE Parsed packet with transactionId(0): 0 questions, 4 answers, 0 authority, 0 additional from /10.102.92.238:5353
09-08 15:48:11.715  1376  5933 I vendor.qti.bluetooth@1.0-ibs_handler: ProcessIbsCmd: Received IBS_WAKE_IND: 0xFD
09-08 15:48:11.715  1376  5933 D vendor.qti.bluetooth@1.0-ibs_handler: SerialClockVote: vote for UART CLK ON
09-08 15:48:11.716  1376  5933 D vendor.qti.bluetooth@1.0-wake_lock: Acquire wakelock is acquired 
09-08 15:48:11.716  1376  5933 I vendor.qti.bluetooth@1.0-ibs_handler: ProcessIbsCmd: Writing IBS_WAKE_ACK
09-08 15:48:11.724  5484  5708 D BtGatt.GattService: onScanResult to scannerId: 4- eventType=0x0, addressType=1, address=2B8B09_6, primaryPhy=1, secondaryPhy=1, advertisingSid=0x4, txPower=127, rssi=-97, periodicAdvInt=0x0
09-08 15:48:11.760  1376  5933 I vendor.qti.bluetooth@1.0-ibs_handler: ProcessIbsCmd: Received IBS_SLEEP_IND: 0xFE
09-08 15:48:11.761  1376  5933 D vendor.qti.bluetooth@1.0-ibs_handler: SerialClockVote: vote for UART CLK OFF
09-08 15:48:11.796  1734  2259 D DisplayModeDirector: onBrightnessChangedLocked, brightness=218, lux=241.0
09-08 15:48:11.911  1376  5775 D vendor.qti.bluetooth@1.0-wake_lock: Release wakelock is released 
09-08 15:48:12.087  1734  2957 D SemNscXgbMsL1: Probability - Cloud gaming: [0.009283]
09-08 15:48:12.089  1734  2957 D SemNscXgbMsL1: Probability - Real time: [0.30255857]
09-08 15:48:12.089  1734  2899 V serviceDiscovery: [MdnsAdvertiser.wlan0] VERBOSE Parsed packet with transactionId(0): 0 questions, 5 answers, 0 authority, 0 additional from /10.102.93.150:5353
09-08 15:48:12.090  1734  2957 D SemNscXgbMsL1: Probability - Non real time: [0.486334]
09-08 15:48:12.090  1734  2957 D SemNscXgbMsL1: 1 sample inference time: 3.119688 msecs
09-08 15:48:12.093  1734  2957 D SemNscXgbL2Rt: L2 RT 1 sample inference time: 2.345417 msecs
09-08 15:48:12.093  1734  2899 V serviceDiscovery: [MdnsAdvertiser.wlan0] VERBOSE Parsed packet with transactionId(0): 0 questions, 6 answers, 0 authority, 0 additional from /10.102.93.121:5353
09-08 15:48:12.094  1734  2899 V serviceDiscovery: [MdnsAdvertiser.wlan0] VERBOSE Parsed packet with transactionId(0): 0 questions, 3 answers, 0 authority, 0 additional from /10.102.93.92:5353
09-08 15:48:12.095  1734  2957 D SemNscXgbL2Nrt: L2 NRT 1 sample inference time: 2.285573 msecs
09-08 15:48:12.145  1734  2259 D DisplayModeDirector: onBrightnessChangedLocked, brightness=218, lux=241.0
09-08 15:48:12.399  1734  2899 V serviceDiscovery: [MdnsAdvertiser.wlan0] VERBOSE Parsed packet with transactionId(0): 0 questions, 4 answers, 0 authority, 0 additional from /10.102.92.238:5353
09-08 15:48:12.495  1734  2259 D DisplayModeDirector: onBrightnessChangedLocked, brightness=218, lux=242.0
09-08 15:48:12.517  1734  2766 D ActivityManager: freezing 25012 com.google.android.gms
09-08 15:48:12.532  1734  2766 D ActivityManager: freezing 12000 android.process.acore
09-08 15:48:12.596  1734  2957 D SemNscXgbMsL1: Probability - Cloud gaming: [0.0064683026]
09-08 15:48:12.597  1734  2957 D SemNscXgbMsL1: Probability - Real time: [0.5387124]
09-08 15:48:12.597  1734  2957 D SemNscXgbMsL1: Probability - Non real time: [0.9153057]
09-08 15:48:12.597  1734  2957 D SemNscXgbMsL1: 1 sample inference time: 1.338854 msecs
09-08 15:48:12.600  1734  2957 D SemNscXgbL2Rt: L2 RT 1 sample inference time: 2.623281 msecs
09-08 15:48:12.602  1734  2957 D SemNscXgbL2Nrt: L2 NRT 1 sample inference time: 1.379219 msecs
09-08 15:48:12.819  1376  5933 I vendor.qti.bluetooth@1.0-ibs_handler: ProcessIbsCmd: Received IBS_WAKE_IND: 0xFD
09-08 15:48:12.819  1376  5933 D vendor.qti.bluetooth@1.0-ibs_handler: SerialClockVote: vote for UART CLK ON
09-08 15:48:12.820  1376  5933 D vendor.qti.bluetooth@1.0-wake_lock: Acquire wakelock is acquired 
09-08 15:48:12.821  1376  5933 I vendor.qti.bluetooth@1.0-ibs_handler: ProcessIbsCmd: Writing IBS_WAKE_ACK
09-08 15:48:12.827  5484  5708 D BtGatt.GattService: onScanResult to scannerId: 4- eventType=0x10, addressType=1, address=0FBBE9_6, primaryPhy=1, secondaryPhy=0, advertisingSid=0xff, txPower=127, rssi=-92, periodicAdvInt=0x0
09-08 15:48:12.844  1734  2259 D DisplayModeDirector: onBrightnessChangedLocked, brightness=218, lux=241.0
09-08 15:48:12.864  1376  5933 I vendor.qti.bluetooth@1.0-ibs_handler: ProcessIbsCmd: Received IBS_SLEEP_IND: 0xFE
09-08 15:48:12.864  1376  5933 D vendor.qti.bluetooth@1.0-ibs_handler: SerialClockVote: vote for UART CLK OFF
09-08 15:48:12.905  1734  2899 V serviceDiscovery: [MdnsAdvertiser.wlan0] VERBOSE Parsed packet with transactionId(0): 0 questions, 6 answers, 0 authority, 0 additional from /10.102.92.171:5353
09-08 15:48:13.005  1734  2899 V serviceDiscovery: [MdnsAdvertiser.wlan0] VERBOSE Parsed packet with transactionId(0): 0 questions, 11 answers, 0 authority, 0 additional from /10.102.92.238:5353
09-08 15:48:13.008  1734  2899 V serviceDiscovery: [MdnsAdvertiser.wlan0] VERBOSE Parsed packet with transactionId(0): 0 questions, 27 answers, 0 authority, 0 additional from /10.102.92.238:5353
09-08 15:48:13.010  1387 11595 I sensors-hal: handle_sns_client_event:552, [0][41472] accel_sample [-0.196, -0.032,  9.973] 1487022655685948
09-08 15:48:13.014  1376  5775 D vendor.qti.bluetooth@1.0-wake_lock: Release wakelock is released 
09-08 15:48:13.104  1734  2957 D SemNscXgbMsL1: Probability - Cloud gaming: [0.008650997]
09-08 15:48:13.105  1734  2957 D SemNscXgbMsL1: Probability - Real time: [0.80804604]
09-08 15:48:13.105  1734  2957 D SemNscXgbMsL1: Probability - Non real time: [0.8775997]
09-08 15:48:13.105  1734  2957 D SemNscXgbMsL1: 1 sample inference time: 1.413594 msecs
09-08 15:48:13.108  1734  2957 D SemNscXgbL2Rt: L2 RT 1 sample inference time: 1.545885 msecs
09-08 15:48:13.110  1734  2957 D SemNscXgbL2Nrt: L2 NRT 1 sample inference time: 1.782083 msecs
09-08 15:48:13.195  1734  2259 D DisplayModeDirector: onBrightnessChangedLocked, brightness=218, lux=242.0
09-08 15:48:13.310 18933 18933 I wpa_supplicant: Heartbeat 4419
09-08 15:48:13.423  1060  1060 D io_stats: !@ Write_top(KB): kworker/u16:2(7801) 1724
09-08 15:48:13.523  1734  2899 V serviceDiscovery: [MdnsAdvertiser.wlan0] VERBOSE Parsed packet with transactionId(0): 0 questions, 7 answers, 0 authority, 0 additional from /10.102.93.112:5353
09-08 15:48:13.545  1734  2259 D DisplayModeDirector: onBrightnessChangedLocked, brightness=218, lux=241.0
09-08 15:48:13.612  1734  2957 D SemNscXgbMsL1: Probability - Cloud gaming: [0.011953493]
09-08 15:48:13.613  1734  2957 D SemNscXgbMsL1: Probability - Real time: [0.59642726]
09-08 15:48:13.613  1734  2957 D SemNscXgbMsL1: Probability - Non real time: [0.93095404]
09-08 15:48:13.613  1734  2957 D SemNscXgbMsL1: 1 sample inference time: 1.632657 msecs
09-08 15:48:13.615  1734  2957 D SemNscXgbL2Rt: L2 RT 1 sample inference time: 1.558125 msecs
09-08 15:48:13.617  1734  2957 D SemNscXgbL2Nrt: L2 NRT 1 sample inference time: 1.459479 msecs
09-08 15:48:13.768  1734  4587 D SemWifiUsabilityStatsMonitor: onWifiUsabilityStats - seqNum 25223, isSameBssidAndFreq true
09-08 15:48:13.771  3058  3058 D KeyguardUpdateMonitor: updateCarrierTextInfo
09-08 15:48:13.771  1734  2959 I SemWifiLinkQualityMonitor: Link Qos query: inf. ms / 0 Mbps
09-08 15:48:13.772  3058  3058 D PanelCarrierLabelWriter: setTextForCommon=puppynet CarrierLabelInfo(subId=2147483647, slotId=0, validSub=false, networkName=No service, emergencyOnly=false, hasVoWifiNetworkName=false), airplaneMode=false, hasAtLeastOneVoWifiNetworkName=false, rtl=false
09-08 15:48:13.772  3058  3058 D PanelCarrierLabelManager: setTextForCommon(text:puppynet)
09-08 15:48:13.772  3058  3058 D NetworkController.WifiSignalController: notifyListener: visible=true, connected=true, inetCondition=1, isDefault=true, wifiTestReported=false, receivedInetCondition=-1, hideDuringMobileSwitching=false
09-08 15:48:13.774  3058  3058 D FaceWidgetPagesController: onRefreshCarrierInfo()
09-08 15:48:13.774  3058  3295 D Tile.WifiTile: handleUpdateState isTransient=false transientEnabling =false cb.isTransient=false state.state = 2 mStateBeforeClick.value =false enabled =true
09-08 15:48:13.774  3058  3058 D FaceWidgetClockRoamManager: isNetworkRoamingState id=-1
09-08 15:48:13.775  3058  3058 D FaceWidgetClockRoamManager: isNetworkRoamingState false
09-08 15:48:13.775  3058  3058 D FaceWidgetClockRoamManager: onRefreshCarrierInfo(pre, now): false, false
09-08 15:48:13.775  3058  3058 D FaceWidgetClockPage: onRefreshCarrierInfo : isChanged false mIsRoaming false
09-08 15:48:13.895  1734  2259 D DisplayModeDirector: onBrightnessChangedLocked, brightness=218, lux=241.0
09-08 15:48:14.053  8578 12565 I NearbyMediums: Found Fast Ble Advertisements :
09-08 15:48:14.053  8578 12565 I NearbyMediums: BleAdvertisement { version=2, socketVersion=2, isFast=true, serviceIdHash=null, data=[ 0x23 0x50 0x4f 0x59 0x42 0x11 0x32 0xbd 0xa9 0x8e 0x37 0x82 0xf5 0x7f 0xab 0x3f 0xd1 0x4e 0x3e 0x80 0x9c 0xf7 0xa5 ], deviceToken=[ 0x8a 0x96 ], rxAdvertisement=null } : 4 times.
09-08 15:48:14.053  8578 12565 I NearbyMediums: BleAdvertisement { version=2, socketVersion=2, isFast=true, serviceIdHash=null, data=[ 0x23 0x32 0x52 0x42 0x4e 0x11 0x32 0x6f 0xd6 0x60 0xbd 0x85 0xcd 0xbf 0x17 0xe1 0xc1 0x10 0xd0 0xf3 0x67 0xef 0xa8 ], deviceToken=[ 0xd4 0x7b ], rxAdvertisement=null } : 1 times.
09-08 15:48:14.053  8578 12565 I NearbyMediums: Total 5 fast advertisements from 2 unique advertisers.
09-08 15:48:14.054  8578 12565 I NearbyMediums: Current Tracked Scanning Clients are : {NearbyConnections.EnvironmentMonitor, NearbySharing, NearbyConnections.TxAdvertisement}
09-08 15:48:14.082  1734 12620 D WifiConnectivityMonitor.DnsThread:  [|205] []
09-08 15:48:14.084  1734  2977 D WifiConnectivityMonitor.NetworkStatsAnalyzer: DNS resultType : 0, responseTime : 205
09-08 15:48:14.084  1734  2975 D OpenNetworkQos[4.00]: updateBssidLatestDnsResultType - result: 0
09-08 15:48:14.084  1734  2975 D OpenNetworkQos[4.00]: updateBssidNoInternet: mBssidNoInternet = false
09-08 15:48:14.085  1734  2975 D OpenNetworkQos[4.00]: getOpenNetworkQosNoInternetStatus: false
09-08 15:48:14.085  1734  2975 D OpenNetworkQos[4.00]: getOpenNetworkQosScores: 0 20 20 
09-08 15:48:14.086  1734  2975 D SettingsProvider: isChangeAllowed() : name = wifi_wcm_qos_sharing_score_summary
09-08 15:48:14.086  1734  2975 I WifiProfileShare: network QoS data was changed (internet), updateQoSData networkType: true, qosData: false
09-08 15:48:14.089  1734  4088 D WifiProfileShare: nearby scanning settings run
09-08 15:48:14.089  1734  4088 D WifiProfileShare: network score provider settings enabled
09-08 15:48:14.089  1734  4088 V WifiProfileShare.Caster: checkAndGetShareData(qos) - unavailable for this config
09-08 15:48:14.089  1734  4088 V WifiProfileShare.Caster: checkAndGetShareData(pwd sta) - unavailable for this config
09-08 15:48:14.090  1734  4088 V WifiProfileShare.Caster: checkAndGetShareData - there is no data
09-08 15:48:14.246  1734  2259 D DisplayModeDirector: onBrightnessChangedLocked, brightness=218, lux=241.0
09-08 15:48:14.338  1734  2899 V serviceDiscovery: [MdnsAdvertiser.wlan0] VERBOSE Parsed packet with transactionId(0): 0 questions, 6 answers, 0 authority, 0 additional from /10.102.93.12:5353
09-08 15:48:14.341  1734  2899 V serviceDiscovery: [MdnsAdvertiser.wlan0] VERBOSE Parsed packet with transactionId(0): 0 questions, 7 answers, 0 authority, 0 additional from /10.102.93.79:5353
09-08 15:48:14.589  1734  2957 D SemNscXgbMsL1: Probability - Cloud gaming: [0.033045676]
09-08 15:48:14.589  1734  2957 D SemNscXgbMsL1: Probability - Real time: [0.17479064]
09-08 15:48:14.590  1734  2957 D SemNscXgbMsL1: Probability - Non real time: [0.9439895]
09-08 15:48:14.590  1734  2957 D SemNscXgbMsL1: 1 sample inference time: 1.331042 msecs
09-08 15:48:14.592  1734  2957 D SemNscXgbL2Rt: L2 RT 1 sample inference time: 1.668802 msecs
09-08 15:48:14.594  1734  2957 D SemNscXgbL2Nrt: L2 NRT 1 sample inference time: 2.213282 msecs
09-08 15:48:14.595  1734  2259 D DisplayModeDirector: onBrightnessChangedLocked, brightness=218, lux=242.0
09-08 15:48:14.640  1734  2899 V serviceDiscovery: [MdnsAdvertiser.wlan0] VERBOSE Parsed packet with transactionId(0): 0 questions, 3 answers, 0 authority, 0 additional from /[fe80::10f2:ceff:ffd8:ca58%wlan0]:5353
09-08 15:48:14.641  1734  2899 V serviceDiscovery: [MdnsAdvertiser.wlan0] VERBOSE Parsed packet with transactionId(0): 0 questions, 3 answers, 0 authority, 0 additional from /10.102.93.100:5353
09-08 15:48:14.945  1734  2259 D DisplayModeDirector: onBrightnessChangedLocked, brightness=218, lux=242.0
09-08 15:48:15.028  1387 11595 I sensors-hal: handle_sns_client_event:552, [0][41580] accel_sample [-0.191, -0.027,  9.976] 1487024673513865
09-08 15:48:15.074  1734  2899 V serviceDiscovery: [MdnsAdvertiser.wlan0] VERBOSE Parsed packet with transactionId(0): 0 questions, 3 answers, 0 authority, 0 additional from /10.102.92.197:5353
09-08 15:48:15.096  1734  2957 D SemNscXgbMsL1: Probability - Cloud gaming: [0.01636062]
09-08 15:48:15.096  1734  2957 D SemNscXgbMsL1: Probability - Real time: [0.6248419]
09-08 15:48:15.097  1734  2957 D SemNscXgbMsL1: Probability - Non real time: [0.90286773]
09-08 15:48:15.097  1734  2957 D SemNscXgbMsL1: 1 sample inference time: 1.472344 msecs
09-08 15:48:15.099  1734  2957 D SemNscXgbL2Rt: L2 RT 1 sample inference time: 1.533073 msecs
09-08 15:48:15.101  1734  2957 D SemNscXgbL2Nrt: L2 NRT 1 sample inference time: 1.342917 msecs
09-08 15:48:15.155  1734  2899 V serviceDiscovery: [MdnsAdvertiser.wlan0] VERBOSE Parsed packet with transactionId(0): 0 questions, 6 answers, 0 authority, 0 additional from /10.102.93.92:5353
09-08 15:48:15.295  1734  2259 D DisplayModeDirector: onBrightnessChangedLocked, brightness=218, lux=241.0
09-08 15:48:15.367  1734  2899 V serviceDiscovery: [MdnsAdvertiser.wlan0] VERBOSE Parsed packet with transactionId(0): 0 questions, 7 answers, 0 authority, 0 additional from /10.102.92.238:5353
09-08 15:48:15.401  1387 10966 I sensors-hal: handle_sns_client_event:185, auto_rotation_debug_2 mode,255, type,1,0 acc,-0.194,-0.031,9.992, ar,1, ver,11, pedo,1,e,0,i,2
09-08 15:48:15.601  1734  2957 D SemNscXgbMsL1: Probability - Cloud gaming: [0.033576597]
09-08 15:48:15.602  1734  2957 D SemNscXgbMsL1: Probability - Real time: [0.679351]
09-08 15:48:15.602  1734  2957 D SemNscXgbMsL1: Probability - Non real time: [0.88790286]
09-08 15:48:15.602  1734  2957 D SemNscXgbMsL1: 1 sample inference time: 1.174114 msecs
09-08 15:48:15.604  1734  2957 D SemNscXgbL2Rt: L2 RT 1 sample inference time: 1.602187 msecs
09-08 15:48:15.606  1734  2957 D SemNscXgbL2Nrt: L2 NRT 1 sample inference time: 1.633959 msecs
09-08 15:48:15.646  1734  2259 D DisplayModeDirector: onBrightnessChangedLocked, brightness=218, lux=241.0
09-08 15:48:15.675  1376  5933 I vendor.qti.bluetooth@1.0-ibs_handler: ProcessIbsCmd: Received IBS_WAKE_IND: 0xFD
09-08 15:48:15.675  1376  5933 D vendor.qti.bluetooth@1.0-ibs_handler: SerialClockVote: vote for UART CLK ON
09-08 15:48:15.677  1376  5933 D vendor.qti.bluetooth@1.0-wake_lock: Acquire wakelock is acquired 
09-08 15:48:15.677  1376  5933 I vendor.qti.bluetooth@1.0-ibs_handler: ProcessIbsCmd: Writing IBS_WAKE_ACK
09-08 15:48:15.686  5484  5708 D BtGatt.GattService: onScanResult to scannerId: 4- eventType=0x10, addressType=1, address=0FBBE9_6, primaryPhy=1, secondaryPhy=0, advertisingSid=0xff, txPower=127, rssi=-96, periodicAdvInt=0x0
09-08 15:48:15.727  1376  5933 I vendor.qti.bluetooth@1.0-ibs_handler: ProcessIbsCmd: Received IBS_SLEEP_IND: 0xFE
09-08 15:48:15.727  1376  5933 D vendor.qti.bluetooth@1.0-ibs_handler: SerialClockVote: vote for UART CLK OFF
09-08 15:48:15.767  1734  2899 V serviceDiscovery: [MdnsAdvertiser.wlan0] VERBOSE Parsed packet with transactionId(0): 0 questions, 11 answers, 0 authority, 0 additional from /10.102.92.238:5353
09-08 15:48:15.867  1734  2899 V serviceDiscovery: [MdnsAdvertiser.wlan0] VERBOSE Parsed packet with transactionId(0): 0 questions, 27 answers, 0 authority, 0 additional from /10.102.92.238:5353
09-08 15:48:15.873  1383  1423 D BatteryDump: wait_for_battery_event : occurred : change@/devices/platform/samsung_mobile_device/samsung_mobile_device:battery/power_supply/battery 
09-08 15:48:15.878  1376  5775 D vendor.qti.bluetooth@1.0-wake_lock: Release wakelock is released 
09-08 15:48:15.886  1383  1423 E BatteryDump: !@new_battery_dump : 4022,817,1500,1712,70,312,308,326,0,305,333,900,0,Charging,NO_CHARGING,Normal,Good,PDIC,0,Normal,0,0,10800,0x4,0x10000,0x0,0000,0000,00000000,0,0,0,0,42,3981,6935,990,0,
09-08 15:48:15.890  1383  1383 I android.hardware.health@2.1-service-samsung: updateLrpSysfs: write: 337
09-08 15:48:15.891  1734  2716 D BatteryService: Sending ACTION_BATTERY_CHANGED: level:70, status:2, health:2, ac:true, usb:false, wireless:false, pogo:false, misc:0x10000, charge_type:1, charger_type:0, voltage:4022, temperature:312, online:19, current_avg:468, ps:false, hvc:false, capacity:280000, current_event:0x4, current_now:718, mcc:0, mcv:0, cc:5040000, present:true, scale:100, technology:Li-ion
09-08 15:48:15.894  1734  1734 D PhoneWindowManagerExt: ACTION_BATTERY_CHANGED - Level=70, status=2
09-08 15:48:15.894  1734  2820 D MotionRecognitionService: [SAR]  onReceive : ACTION_BATTERY_CHANGED, Plugged: 1
09-08 15:48:15.895  1734  2993 I DeviceBatteryInfoService: action: android.intent.action.BATTERY_CHANGED
09-08 15:48:15.896  1734  1734 D AdaptiveBrightnessLongtermModelBuilder: Received android.intent.action.BATTERY_CHANGED
09-08 15:48:15.896  1734  1734 D SemWifiApBroadcastReceiver: Received : android.intent.action.BATTERY_CHANGED
09-08 15:48:15.896  3042  3042 D SemBigDataInfoController: Intent: android.intent.action.BATTERY_CHANGED
09-08 15:48:15.896  1734  2993 I DeviceBatteryInfoService: phone battery level: 70
09-08 15:48:15.896  1734  2993 I DeviceBatteryInfoService: phone battery status: 2
09-08 15:48:15.897  3058  3058 I PowerUI : mBootCompleted = true |  mFullyConnected = true
09-08 15:48:15.897  3058  3058 I PowerUI : BATTERY_HEALTH_CHECK extraHealth=2 mBatteryMiscEvent=65536
09-08 15:48:15.898  3058  3058 W PowerUI : Plug reason
09-08 15:48:15.898  3058  3058 W PowerUI : Skip charging animation - by plug status
09-08 15:48:15.898  3058  3058 D PowerUI : priorPlugType = 1 mPlugType = 1 priorBatteryStatus = 2 mBatteryStatus = 2
09-08 15:48:15.898  3058  3058 W PowerUI : Plug reason
09-08 15:48:15.898  3058  3058 W PowerUI : Skip charging sound - by plug status
09-08 15:48:15.899  3058  3058 I PowerUI : oldMisalign : false, curMisalign : false
09-08 15:48:15.900  3058  9062 D SecPowerUI.Notification: dismissing low battery warning: level=70
09-08 15:48:15.901  3058  9062 D SecPowerUI.Notification: updateNotification mWarning=false mPlaySound=false
09-08 15:48:15.901  3058  9062 D SecPowerUI.Notification: SecBatteryStatsSnapshot{batteryLevel=70, currentBatteryMode=0, chargingTime=4312000, chargingType=11, batteryHealth=2, automaticTestMode=false, isHiccupState=false}
09-08 15:48:15.901  3058  3058 D SecPowerUI.Notification: showChargingNotice oldChargingType : 11 / currentChargingType : 11, oldChargingTime : 4312000 / mChargingTime : 4312000
09-08 15:48:15.901  3058  3058 D SecPowerUI.Notification: There is no change about charging status, so return!
09-08 15:48:15.901  3058  3058 D PowerUI : Battery swelling mode - priorBatterySwellingMode = 0 mBatterySwellingMode = 0 mBatteryStatus = 2
09-08 15:48:15.901  3058  3058 I PowerUI : mBatteryMiscEvent = 65536
09-08 15:48:15.901  3058  3058 D SamsungBatteryMeterDrawable: onBatteryLevelChanged isSomethingChanged: false
09-08 15:48:15.902  3058  9062 D SecPowerUI.Notification: 1. restoreScreenTimeOut - saved_value : :
09-08 15:48:15.902  3058  9062 E SecPowerUI.Notification: no saved value, so we do nothing !!
09-08 15:48:15.902  3058  3058 D SamsungBatteryMeterDrawable: onBatteryLevelChanged isSomethingChanged: false
09-08 15:48:15.903  3058  3058 D SamsungBatteryMeterDrawable: onBatteryLevelChanged isSomethingChanged: false
09-08 15:48:15.903  3058  3058 D SamsungBatteryMeterDrawable: onBatteryLevelChanged isSomethingChanged: false
09-08 15:48:15.903  3058  3058 D KeyguardUpdateMonitor: received broadcast android.intent.action.BATTERY_CHANGED
09-08 15:48:15.903  3058  3058 I AODBatteryManager: updateBatteryData: ACTION_BATTERY_CHANGED
09-08 15:48:15.904  3058  3058 I AODBatteryManager: saveBatteryData : AOD BatteryData [mBatteryLevel=70, mBatteryStatus=CHARGING, mBatteryPlugType=AC, mBatteryPlugged=true, mRemainingChargeTime=4312000, mBatteryChargingType=1, mBatteryChargerType=NORMAL, mBatteryOnline=NOT_DEFINED, mBatterySwellingMode=NONE, mBatteryProtectMode=false]
09-08 15:48:15.904  3058  3058 D KeyguardUpdateMonitor: handleBatteryUpdate
09-08 15:48:15.995  1734  2259 D DisplayModeDirector: onBrightnessChangedLocked, brightness=218, lux=242.0
09-08 15:48:16.107  1734  2957 D SemNscXgbMsL1: Probability - Cloud gaming: [0.05106123]
09-08 15:48:16.109  1734  2957 D SemNscXgbMsL1: Probability - Real time: [0.6448607]
09-08 15:48:16.109  1734  2957 D SemNscXgbMsL1: Probability - Non real time: [0.9202911]
09-08 15:48:16.109  1734  2957 D SemNscXgbMsL1: 1 sample inference time: 1.825885 msecs
09-08 15:48:16.110  1734  2957 D SemNscXgbL2Rt: L2 RT 1 sample inference time: 1.355104 msecs
09-08 15:48:16.112  1734  2957 D SemNscXgbL2Nrt: L2 NRT 1 sample inference time: 1.822969 msecs
09-08 15:48:16.345  1387 10941 I sensors-hal: handle_sns_std_sensor_event:148, [SSC_LIGHT] ambient_light lux: 242, ts=1487026000548969
09-08 15:48:16.345  1734  2259 D DisplayModeDirector: onBrightnessChangedLocked, brightness=218, lux=242.0
09-08 15:48:16.614  1734  2957 D SemNscXgbMsL1: Probability - Cloud gaming: [0.031695627]
09-08 15:48:16.615  1734  2957 D SemNscXgbMsL1: Probability - Real time: [0.82091236]
09-08 15:48:16.615  1734  2957 D SemNscXgbMsL1: Probability - Non real time: [0.91007125]
09-08 15:48:16.616  1734  2957 D SemNscXgbMsL1: 1 sample inference time: 2.469375 msecs
09-08 15:48:16.618  1734  2957 D SemNscXgbL2Rt: L2 RT 1 sample inference time: 1.889114 msecs
09-08 15:48:16.620  1734  2957 D SemNscXgbL2Nrt: L2 NRT 1 sample inference time: 1.268542 msecs
09-08 15:48:16.695  1734  2259 D DisplayModeDirector: onBrightnessChangedLocked, brightness=218, lux=242.0
09-08 15:48:16.791  1734  4587 D SemWifiUsabilityStatsMonitor: onWifiUsabilityStats - seqNum 25224, isSameBssidAndFreq true
09-08 15:48:16.794  1734  2959 I SemWifiLinkQualityMonitor: Link Qos Query: 0.046 ms / 173.039 Mbps (413 / 0.004 / 2.000)
09-08 15:48:16.795  3058  3058 D KeyguardUpdateMonitor: updateCarrierTextInfo
09-08 15:48:16.795  3058  3058 D PanelCarrierLabelWriter: setTextForCommon=puppynet CarrierLabelInfo(subId=2147483647, slotId=0, validSub=false, networkName=No service, emergencyOnly=false, hasVoWifiNetworkName=false), airplaneMode=false, hasAtLeastOneVoWifiNetworkName=false, rtl=false
09-08 15:48:16.795  3058  3058 D PanelCarrierLabelManager: setTextForCommon(text:puppynet)
09-08 15:48:16.795  3058  3058 D NetworkController.WifiSignalController: notifyListener: visible=true, connected=true, inetCondition=1, isDefault=true, wifiTestReported=false, receivedInetCondition=-1, hideDuringMobileSwitching=false
09-08 15:48:16.796  3058  3058 D FaceWidgetPagesController: onRefreshCarrierInfo()
09-08 15:48:16.796  3058  3058 D FaceWidgetClockRoamManager: isNetworkRoamingState id=-1
09-08 15:48:16.796  3058  3058 D FaceWidgetClockRoamManager: isNetworkRoamingState false
09-08 15:48:16.796  3058  3058 D FaceWidgetClockRoamManager: onRefreshCarrierInfo(pre, now): false, false
09-08 15:48:16.796  3058  3058 D FaceWidgetClockPage: onRefreshCarrierInfo : isChanged false mIsRoaming false
09-08 15:48:16.797  3058  3295 D Tile.WifiTile: handleUpdateState isTransient=false transientEnabling =false cb.isTransient=false state.state = 2 mStateBeforeClick.value =false enabled =true
09-08 15:48:17.045  1387 11595 I sensors-hal: handle_sns_client_event:552, [0][41688] accel_sample [-0.194, -0.032,  9.970] 1487026691341781
09-08 15:48:17.046  1734  2259 D DisplayModeDirector: onBrightnessChangedLocked, brightness=218, lux=241.0
09-08 15:48:17.396  1734  2259 D DisplayModeDirector: onBrightnessChangedLocked, brightness=218, lux=241.0
09-08 15:48:17.427  1060  1060 D io_stats: !@   8,0 r 3407413 95918721 w 4186876 72309904 d 956807 153610404 f 0 367820 iot 3550812 0 th 0 0 0 pt 0 inp 0 0 192506.834
09-08 15:48:17.428  1060  1060 D io_stats: !@ Write_top(KB): kworker/u16:7(3911) 1584 jbd2/sda9-8(1031) 20 android.hardwar(1383) 12
09-08 15:48:17.510  1734  2899 V serviceDiscovery: [MdnsAdvertiser.wlan0] VERBOSE Parsed packet with transactionId(0): 0 questions, 6 answers, 0 authority, 0 additional from /10.102.92.223:5353
09-08 15:48:17.589  1734  2957 D SemNscXgbMsL1: Probability - Cloud gaming: [0.011522956]
09-08 15:48:17.589  1734  2957 D SemNscXgbMsL1: Probability - Real time: [0.47961247]
09-08 15:48:17.590  1734  2957 D SemNscXgbMsL1: Probability - Non real time: [0.80371475]
09-08 15:48:17.590  1734  2957 D SemNscXgbMsL1: 1 sample inference time: 1.347864 msecs
09-08 15:48:17.592  1734  2957 D SemNscXgbL2Rt: L2 RT 1 sample inference time: 1.527656 msecs
09-08 15:48:17.594  1734  2957 D SemNscXgbL2Nrt: L2 NRT 1 sample inference time: 1.819271 msecs
09-08 15:48:17.617  1734  2899 V serviceDiscovery: [MdnsAdvertiser.wlan0] VERBOSE Parsed packet with transactionId(0): 0 questions, 5 answers, 0 authority, 0 additional from /10.102.92.197:5353
09-08 15:48:17.633  1734  3956 D FreecessController: com.google.android.apps.photos(10254) is important[!isUidIdle]
09-08 15:48:17.633  1734  3956 D FreecessController: com.Slack(10330) is important[!isUidIdle]
09-08 15:48:17.745  1734  2259 D DisplayModeDirector: onBrightnessChangedLocked, brightness=218, lux=242.0
09-08 15:48:17.822  1734  2899 V serviceDiscovery: [MdnsAdvertiser.wlan0] VERBOSE Parsed packet with transactionId(0): 0 questions, 3 answers, 0 authority, 0 additional from /10.102.93.3:5353
09-08 15:48:18.094  1734  2259 D DisplayModeDirector: onBrightnessChangedLocked, brightness=218, lux=242.0
09-08 15:48:18.095  1734  2957 D SemNscXgbMsL1: Probability - Cloud gaming: [0.009995605]
09-08 15:48:18.096  1734  2957 D SemNscXgbMsL1: Probability - Real time: [0.39392152]
09-08 15:48:18.096  1734  2957 D SemNscXgbMsL1: Probability - Non real time: [0.91836524]
09-08 15:48:18.096  1734  2957 D SemNscXgbMsL1: 1 sample inference time: 2.238125 msecs
09-08 15:48:18.098  1734  2957 D SemNscXgbL2Rt: L2 RT 1 sample inference time: 1.723177 msecs
09-08 15:48:18.100  1734  2957 D SemNscXgbL2Nrt: L2 NRT 1 sample inference time: 1.746511 msecs
